The signal IOT is in use by the JVM and will not work correctly on this platform
The signal CLD is in use by the JVM and will not work correctly on this platform
The signal EXIT is in use by the JVM and will not work correctly on this platform
Using recorded test runtime
8 processes for 17 features, ~ 2 features per process
The signal IOT is in use by the JVM and will not work correctly on this platform
The signal CLD is in use by the JVM and will not work correctly on this platform
The signal EXIT is in use by the JVM and will not work correctly on this platform
The signal IOT is in use by the JVM and will not work correctly on this platform
The signal CLD is in use by the JVM and will not work correctly on this platform
The signal EXIT is in use by the JVM and will not work correctly on this platform
The signal IOT is in use by the JVM and will not work correctly on this platform
The signal CLD is in use by the JVM and will not work correctly on this platform
The signal EXIT is in use by the JVM and will not work correctly on this platform
The signal IOT is in use by the JVM and will not work correctly on this platform
The signal CLD is in use by the JVM and will not work correctly on this platform
The signal EXIT is in use by the JVM and will not work correctly on this platform
The signal IOT is in use by the JVM and will not work correctly on this platform
The signal CLD is in use by the JVM and will not work correctly on this platform
The signal EXIT is in use by the JVM and will not work correctly on this platform
The signal IOT is in use by the JVM and will not work correctly on this platform
The signal CLD is in use by the JVM and will not work correctly on this platform
The signal EXIT is in use by the JVM and will not work correctly on this platform
The signal IOT is in use by the JVM and will not work correctly on this platform
The signal CLD is in use by the JVM and will not work correctly on this platform
The signal EXIT is in use by the JVM and will not work correctly on this platform
The signal IOT is in use by the JVM and will not work correctly on this platform
The signal CLD is in use by the JVM and will not work correctly on this platform
The signal EXIT is in use by the JVM and will not work correctly on this platform
I, [2017-02-09T16:49:18.869000 #70036]  INFO -- : url: https://qc-tms.govdelivery.com
Using the parallel profile...
-------I, [2017-02-09T16:49:20.603000 #70034]  INFO -- : url: https://qc-tms.govdelivery.com
I, [2017-02-09T16:49:20.673000 #70036]  INFO -- : post http://xact-webhook-callbacks.herokuapp.com/api/v3/recipient_status/
I, [2017-02-09T16:49:20.847000 #70037]  INFO -- : url: https://qc-tms.govdelivery.com
I, [2017-02-09T16:49:21.033000 #70038]  INFO -- : url: https://qc-tms.govdelivery.com
I, [2017-02-09T16:49:21.182000 #70036]  INFO -- Status: 200
I, [2017-02-09T16:49:21.272000 #70039]  INFO -- : url: https://qc-tms.govdelivery.com
I, [2017-02-09T16:49:21.318000 #70035]  INFO -- : url: https://qc-tms.govdelivery.com
I, [2017-02-09T16:49:21.434000 #70033]  INFO -- : url: https://qc-tms.govdelivery.com
I, [2017-02-09T16:49:21.497000 #70032]  INFO -- : url: https://qc-tms.govdelivery.com
Using the parallel profile...
-----Using the parallel profile...
--Using the parallel profile...
Using the parallel profile...
Using the parallel profile...
Using the parallel profile...
Using the parallel profile...
I, [2017-02-09T16:49:22.554000 #70034]  INFO -- : post http://xact-webhook-callbacks.herokuapp.com/api/v3/recipient_status/
-------I, [2017-02-09T16:49:22.826000 #70034]  INFO -- Status: 200
..I, [2017-02-09T16:49:23.324000 #70033]  INFO -- : post http://xact-webhook-callbacks.herokuapp.com/api/v3/recipient_status/
I, [2017-02-09T16:49:23.538000 #70033]  INFO -- Status: 200
I, [2017-02-09T16:49:24.823000 #70036]  INFO -- : GET    200 https://qc-tms.govdelivery.com/ (3.619 seconds)
I, [2017-02-09T16:49:25.252000 #70037]  INFO -- : GET    200 https://qc-tms.govdelivery.com/ (2.73 seconds)
...I, [2017-02-09T16:49:25.319000 #70034]  INFO -- : GET    200 https://qc-tms.govdelivery.com/ (2.475 seconds)
I, [2017-02-09T16:49:25.316000 #70038]  INFO -- : GET    200 https://qc-tms.govdelivery.com/ (2.6 seconds)
I, [2017-02-09T16:49:25.412000 #70036]  INFO -- : POST   201 https://qc-tms.govdelivery.com/webhooks (0.578 seconds)
I, [2017-02-09T16:49:25.504000 #70039]  INFO -- : GET    200 https://qc-tms.govdelivery.com/ (2.44 seconds)
I, [2017-02-09T16:49:25.516000 #70035]  INFO -- : GET    200 https://qc-tms.govdelivery.com/ (2.489 seconds)
I, [2017-02-09T16:49:25.580000 #70032]  INFO -- : GET    200 https://qc-tms.govdelivery.com/ (2.458 seconds)
..I, [2017-02-09T16:49:26.009000 #70033]  INFO -- : GET    200 https://qc-tms.govdelivery.com/ (2.449 seconds)
I, [2017-02-09T16:49:26.036000 #70036]  INFO -- : POST   201 https://qc-tms.govdelivery.com/messages/email (0.616 seconds)
I, [2017-02-09T16:49:26.039000 #70036]  INFO -- : sleeping for 20 seconds
I, [2017-02-09T16:49:26.065000 #70035]  INFO -- : GET    200 https://qc-tms.govdelivery.com/from_addresses (0.519 seconds)
..I, [2017-02-09T16:49:26.095000 #70037]  INFO -- : POST   201 https://qc-tms.govdelivery.com/templates/email (0.79 seconds)
.I, [2017-02-09T16:49:26.103000 #70034]  INFO -- : POST   201 https://qc-tms.govdelivery.com/webhooks (0.637 seconds)
...I, [2017-02-09T16:49:26.280000 #70038]  INFO -- : POST   201 https://qc-tms.govdelivery.com/keywords (0.796 seconds)
.I, [2017-02-09T16:49:26.393000 #70032]  INFO -- : POST   201 https://qc-tms.govdelivery.com/messages/email (0.785 seconds)
.I, [2017-02-09T16:49:26.418000 #70032]  INFO -- : sleeping for 10 seconds
I, [2017-02-09T16:49:26.438000 #70039]  INFO -- : POST   201 https://qc-tms.govdelivery.com/messages/email (0.744 seconds)
.I, [2017-02-09T16:49:26.576000 #70033]  INFO -- : POST   201 https://qc-tms.govdelivery.com/webhooks (0.554 seconds)
I, [2017-02-09T16:49:26.601000 #70037]  INFO -- : GET    200 https://qc-tms.govdelivery.com/templates/email/103603 (0.479 seconds)
I, [2017-02-09T16:49:26.824000 #70035]  INFO -- : POST   201 https://qc-tms.govdelivery.com/messages/email (0.67 seconds)
..I, [2017-02-09T16:49:26.840000 #70035]  INFO -- : sleeping for 20 seconds
I, [2017-02-09T16:49:26.921000 #70038]  INFO -- : DELETE 200 https://qc-tms.govdelivery.com/keywords/132284 (0.625 seconds)
.I, [2017-02-09T16:49:26.931000 #70039]  INFO -- : GET    200 https://qc-tms.govdelivery.com/messages/email/32688537 (0.478 seconds)
I, [2017-02-09T16:49:26.934000 #70034]  INFO -- : POST   201 https://qc-tms.govdelivery.com/messages/sms (0.826 seconds)
.I, [2017-02-09T16:49:26.937000 #70034]  INFO -- : sleeping for 20 seconds
...I, [2017-02-09T16:49:27.072000 #70037]  INFO -- : DELETE 204 https://qc-tms.govdelivery.com/templates/email/103603 (0.469 seconds)
.I, [2017-02-09T16:49:27.372000 #70038]  INFO -- : GET    404 https://qc-tms.govdelivery.com/keywords/132284 (0.446 seconds)
I, [2017-02-09T16:49:27.560000 #70039]  INFO -- : POST   201 https://qc-tms.govdelivery.com/messages/email (0.58 seconds)
.I, [2017-02-09T16:49:27.689000 #70033]  INFO -- : POST   201 https://qc-tms.govdelivery.com/messages/voice (1.107 seconds)
I, [2017-02-09T16:49:27.694000 #70033]  INFO -- : sleeping for 20 seconds
I, [2017-02-09T16:49:27.773000 #70037]  INFO -- : POST   201 https://qc-tms.govdelivery.com/templates/email (0.684 seconds)
..I, [2017-02-09T16:49:27.939000 #70038]  INFO -- : POST   422 https://qc-tms.govdelivery.com/keywords (0.556 seconds)
..I, [2017-02-09T16:49:28.031000 #70039]  INFO -- : GET    200 https://qc-tms.govdelivery.com/messages/email/32688539 (0.465 seconds)
.....I, [2017-02-09T16:49:28.389000 #70037]  INFO -- : PUT    200 https://qc-tms.govdelivery.com/templates/email/103590 (0.606 seconds)
.I, [2017-02-09T16:49:28.559000 #70038]  INFO -- : POST   201 https://qc-tms.govdelivery.com/keywords (0.605 seconds)
I, [2017-02-09T16:49:28.672000 #70039]  INFO -- : POST   201 https://qc-tms.govdelivery.com/messages/email (0.614 seconds)
.I, [2017-02-09T16:49:28.837000 #70037]  INFO -- : GET    200 https://qc-tms.govdelivery.com/templates/email/103590 (0.442 seconds)
..I, [2017-02-09T16:49:29.157000 #70039]  INFO -- : GET    200 https://qc-tms.govdelivery.com/messages/email/32668644 (0.479 seconds)
....I, [2017-02-09T16:49:29.213000 #70038]  INFO -- : POST   201 https://qc-tms.govdelivery.com/keywords/132301/commands (0.653 seconds)
I, [2017-02-09T16:49:29.320000 #70037]  INFO -- : GET    200 https://qc-tms.govdelivery.com/templates/email/103590 (0.475 seconds)
I, [2017-02-09T16:49:29.769000 #70039]  INFO -- : POST   422 https://qc-tms.govdelivery.com/messages/email (0.595 seconds)
..I, [2017-02-09T16:49:29.777000 #70038]  INFO -- : PUT    200 https://qc-tms.govdelivery.com/keywords/132301/commands/112384 (0.562 seconds)
I, [2017-02-09T16:49:29.777000 #70037]  INFO -- : DELETE 204 https://qc-tms.govdelivery.com/templates/email/103590 (0.456 seconds)
.....I, [2017-02-09T16:49:30.361000 #70039]  INFO -- : POST   422 https://qc-tms.govdelivery.com/messages/email (0.561 seconds)
....I, [2017-02-09T16:49:30.405000 #70037]  INFO -- : POST   201 https://qc-tms.govdelivery.com/templates/email (0.614 seconds)
.I, [2017-02-09T16:49:30.428000 #70038]  INFO -- : DELETE 204 https://qc-tms.govdelivery.com/keywords/132301/commands/112384 (0.644 seconds)
I, [2017-02-09T16:49:30.856000 #70037]  INFO -- : GET    200 https://qc-tms.govdelivery.com/templates/email/103604 (0.447 seconds)
..I, [2017-02-09T16:49:30.876000 #70038]  INFO -- : DELETE 200 https://qc-tms.govdelivery.com/keywords/132301 (0.447 seconds)
.I, [2017-02-09T16:49:30.962000 #70039]  INFO -- : POST   201 https://qc-tms.govdelivery.com/messages/email (0.575 seconds)
.I, [2017-02-09T16:49:31.319000 #70037]  INFO -- : GET    200 https://qc-tms.govdelivery.com/templates/email/103604 (0.457 seconds)
I, [2017-02-09T16:49:31.326000 #70038]  INFO -- : GET    404 https://qc-tms.govdelivery.com/keywords/132301 (0.447 seconds)
I, [2017-02-09T16:49:31.410000 #70039]  INFO -- : GET    200 https://qc-tms.govdelivery.com/messages/email/32668645 (0.444 seconds)
I, [2017-02-09T16:49:31.846000 #70037]  INFO -- : DELETE 204 https://qc-tms.govdelivery.com/templates/email/103604 (0.526 seconds)
.I, [2017-02-09T16:49:31.860000 #70038]  INFO -- : POST   201 https://qc-tms.govdelivery.com/keywords (0.528 seconds)
I, [2017-02-09T16:49:31.892000 #70039]  INFO -- : GET    200 https://qc-tms.govdelivery.com/messages/email/32668645 (0.48 seconds)
...I, [2017-02-09T16:49:32.490000 #70037]  INFO -- : POST   201 https://qc-tms.govdelivery.com/templates/email (0.635 seconds)
.I, [2017-02-09T16:49:32.582000 #70039]  INFO -- : POST   201 https://qc-tms.govdelivery.com/messages/email (0.671 seconds)
....I, [2017-02-09T16:49:32.698000 #70038]  INFO -- : POST   201 https://qc-tms.govdelivery.com/keywords/132285/commands (0.837 seconds)
.I, [2017-02-09T16:49:32.942000 #70037]  INFO -- : DELETE 204 https://qc-tms.govdelivery.com/templates/email/103591 (0.448 seconds)
..I, [2017-02-09T16:49:33.182000 #70039]  INFO -- : POST   201 https://qc-tms.govdelivery.com/messages/email (0.584 seconds)
....I, [2017-02-09T16:49:33.249000 #70038]  INFO -- : DELETE 204 https://qc-tms.govdelivery.com/keywords/132285/commands/112421 (0.546 seconds)
I, [2017-02-09T16:49:33.694000 #70038]  INFO -- : DELETE 200 https://qc-tms.govdelivery.com/keywords/132285 (0.445 seconds)
.I, [2017-02-09T16:49:33.809000 #70039]  INFO -- : POST   201 https://qc-tms.govdelivery.com/messages/email (0.61 seconds)
..I, [2017-02-09T16:49:34.133000 #70038]  INFO -- : GET    404 https://qc-tms.govdelivery.com/keywords/132285 (0.435 seconds)
I, [2017-02-09T16:49:34.348000 #70039]  INFO -- : GET    200 https://qc-tms.govdelivery.com/messages/email/32668646 (0.531 seconds)
..I, [2017-02-09T16:49:34.544000 #70037]  INFO -- : GET    200 https://qc-tms.govdelivery.com/templates/email (1.594 seconds)
.I, [2017-02-09T16:49:34.650000 #70038]  INFO -- : POST   201 https://qc-tms.govdelivery.com/keywords (0.507 seconds)
I, [2017-02-09T16:49:34.829000 #70039]  INFO -- : GET    200 https://qc-tms.govdelivery.com/ (0.464 seconds)
I, [2017-02-09T16:49:35.034000 #70037]  INFO -- : GET    404 https://qc-tms.govdelivery.com/templates/email/103591 (0.456 seconds)
.I, [2017-02-09T16:49:35.425000 #70039]  INFO -- : POST   201 https://qc-tms.govdelivery.com/keywords (0.592 seconds)
I, [2017-02-09T16:49:35.497000 #70038]  INFO -- : POST   201 https://qc-tms.govdelivery.com/keywords/132286/commands (0.846 seconds)
.I, [2017-02-09T16:49:35.664000 #70037]  INFO -- : POST   201 https://qc-tms.govdelivery.com/templates/email (0.614 seconds)
..I, [2017-02-09T16:49:35.951000 #70038]  INFO -- : DELETE 204 https://qc-tms.govdelivery.com/keywords/132286/commands/112385 (0.449 seconds)
I, [2017-02-09T16:49:36.044000 #70039]  INFO -- : POST   201 https://qc-tms.govdelivery.com/keywords/132287/commands (0.615 seconds)
.I, [2017-02-09T16:49:36.051000 #70039]  INFO -- : Mocking text '{"To"=>"+15005550006", "From"=>"+16122236629", "AccountSid"=>"ACc66477e37af9ebee0f12b349c7b75117", "Body"=>"sms_2way_subscribe subscribe::1486680574::83843"}'
I, [2017-02-09T16:49:36.052000 #70039]  INFO -- : post https://qc-tms.govdelivery.com/twilio_requests.xml
I, [2017-02-09T16:49:36.313000 #70037]  INFO -- : POST   201 https://qc-tms.govdelivery.com/messages/email (0.643 seconds)
I, [2017-02-09T16:49:36.314000 #70037]  INFO -- : sleeping for 20 seconds
I, [2017-02-09T16:49:36.546000 #70038]  INFO -- : DELETE 200 https://qc-tms.govdelivery.com/keywords/132286 (0.593 seconds)
.I, [2017-02-09T16:49:36.880000 #70039]  INFO -- Status: 201
.I, [2017-02-09T16:49:36.887000 #70039]  INFO -- : sleeping for 20 seconds
I, [2017-02-09T16:49:37.062000 #70038]  INFO -- : GET    404 https://qc-tms.govdelivery.com/keywords/132286 (0.512 seconds)
I, [2017-02-09T16:49:37.657000 #70038]  INFO -- : POST   201 https://qc-tms.govdelivery.com/keywords (0.586 seconds)
I, [2017-02-09T16:49:38.222000 #70038]  INFO -- : POST   422 https://qc-tms.govdelivery.com/keywords/132302/commands (0.562 seconds)
..I, [2017-02-09T16:49:38.671000 #70038]  INFO -- : GET    200 https://qc-tms.govdelivery.com/keywords/132302 (0.441 seconds)
I, [2017-02-09T16:49:38.816000 #70032]  INFO -- : Still waiting while find message xact_email_end_to_end - 2017-02-09 16:49:22 -0600::62482, current time=10
I, [2017-02-09T16:49:38.817000 #70032]  INFO -- : sleeping for 10 seconds
I, [2017-02-09T16:49:39.194000 #70038]  INFO -- : DELETE 200 https://qc-tms.govdelivery.com/keywords/132302 (0.522 seconds)
--I, [2017-02-09T16:49:39.741000 #70038]  INFO -- : POST   422 https://qc-tms.govdelivery.com/keywords (0.529 seconds)
.I, [2017-02-09T16:49:40.267000 #70038]  INFO -- : POST   422 https://qc-tms.govdelivery.com/keywords (0.519 seconds)
.I, [2017-02-09T16:49:40.792000 #70038]  INFO -- : POST   422 https://qc-tms.govdelivery.com/keywords (0.516 seconds)
.I, [2017-02-09T16:49:41.322000 #70038]  INFO -- : POST   422 https://qc-tms.govdelivery.com/keywords (0.524 seconds)
.I, [2017-02-09T16:49:41.862000 #70038]  INFO -- : POST   422 https://qc-tms.govdelivery.com/keywords (0.532 seconds)
.I, [2017-02-09T16:49:42.377000 #70038]  INFO -- : POST   422 https://qc-tms.govdelivery.com/keywords (0.506 seconds)
.I, [2017-02-09T16:49:42.920000 #70038]  INFO -- : POST   422 https://qc-tms.govdelivery.com/keywords (0.535 seconds)
..I, [2017-02-09T16:49:43.888000 #70038]  INFO -- : POST   201 https://qc-tms.govdelivery.com/messages/voice (0.953 seconds)
.I, [2017-02-09T16:49:43.897000 #70038]  INFO -- : sleeping for 20 seconds
I, [2017-02-09T16:49:46.521000 #70036]  INFO -- : GET    200 https://qc-tms.govdelivery.com/messages/email/32668643/recipients (0.472 seconds)
I, [2017-02-09T16:49:46.524000 #70036]  INFO -- : sleeping for 20 seconds
I, [2017-02-09T16:49:47.336000 #70035]  INFO -- : GET    200 https://qc-tms.govdelivery.com/messages/email/32688538 (0.491 seconds)
I, [2017-02-09T16:49:47.621000 #70034]  INFO -- : GET    200 https://qc-tms.govdelivery.com/messages/sms/4190275/recipients (0.674 seconds)
I, [2017-02-09T16:49:47.623000 #70034]  INFO -- : sleeping for 20 seconds
I, [2017-02-09T16:49:47.829000 #70035]  INFO -- : GET    200 https://qc-tms.govdelivery.com/messages/email/32688538/recipients (0.491 seconds)
....I, [2017-02-09T16:49:48.431000 #70035]  INFO -- : POST   422 https://qc-tms.govdelivery.com/messages/email (0.552 seconds)
...I, [2017-02-09T16:49:48.444000 #70033]  INFO -- : GET    200 https://qc-tms.govdelivery.com/messages/voice/95537/recipients (0.742 seconds)
I, [2017-02-09T16:49:48.447000 #70033]  INFO -- : sleeping for 20 seconds
.I, [2017-02-09T16:49:49.034000 #70035]  INFO -- : POST   201 https://qc-tms.govdelivery.com/messages/email (0.582 seconds)
..I, [2017-02-09T16:49:49.502000 #70035]  INFO -- : GET    200 https://qc-tms.govdelivery.com/messages/email/32668647 (0.46 seconds)
..I, [2017-02-09T16:49:50.109000 #70035]  INFO -- : POST   201 https://qc-tms.govdelivery.com/messages/email (0.589 seconds)
.I, [2017-02-09T16:49:50.574000 #70035]  INFO -- : GET    200 https://qc-tms.govdelivery.com/messages/email/32688543 (0.461 seconds)
...I, [2017-02-09T16:49:50.897000 #70032]  INFO -- : Still waiting while find message xact_email_end_to_end - 2017-02-09 16:49:22 -0600::62482, current time=20
I, [2017-02-09T16:49:50.898000 #70032]  INFO -- : sleeping for 10 seconds
I, [2017-02-09T16:49:51.129000 #70035]  INFO -- : POST   422 https://qc-tms.govdelivery.com/messages/email (0.538 seconds)
....I, [2017-02-09T16:49:51.761000 #70035]  INFO -- : POST   201 https://qc-tms.govdelivery.com/messages/email (0.599 seconds)
...I, [2017-02-09T16:49:52.347000 #70035]  INFO -- : POST   422 https://qc-tms.govdelivery.com/messages/email (0.567 seconds)
...I, [2017-02-09T16:49:52.793000 #70035]  INFO -- : GET    200 https://qc-tms.govdelivery.com/ (0.427 seconds)
.I, [2017-02-09T16:49:53.459000 #70035]  INFO -- : POST   201 https://qc-tms.govdelivery.com/messages/sms (0.656 seconds)
.I, [2017-02-09T16:49:53.463000 #70035]  INFO -- : sleeping for 20 seconds
I, [2017-02-09T16:49:56.830000 #70037]  INFO -- : GET    200 https://qc-tms.govdelivery.com/messages/email/32688542 (0.513 seconds)
.I, [2017-02-09T16:49:56.892000 #70039]  INFO -- : get https://qc-api.govdelivery.com/api/account/CUKEAUTO_QC/subscribers/KzE2MTIyMjM2NjI5
I, [2017-02-09T16:49:57.279000 #70037]  INFO -- : GET    200 https://qc-tms.govdelivery.com/templates/email/103592 (0.44 seconds)
I, [2017-02-09T16:49:57.712000 #70037]  INFO -- : DELETE 204 https://qc-tms.govdelivery.com/templates/email/103592 (0.432 seconds)
.I, [2017-02-09T16:49:57.858000 #70039]  INFO -- Status: 200
I, [2017-02-09T16:49:58.090000 #70039]  INFO -- : delete https://qc-api.govdelivery.com/api/account/CUKEAUTO_QC/subscribers/KzE2MTIyMjM2NjI5
I, [2017-02-09T16:49:58.443000 #70037]  INFO -- : POST   201 https://qc-tms.govdelivery.com/templates/email (0.72 seconds)
.I, [2017-02-09T16:49:58.887000 #70039]  INFO -- Status: 200
.I, [2017-02-09T16:49:59.127000 #70037]  INFO -- : POST   201 https://qc-tms.govdelivery.com/messages/email (0.676 seconds)
.I, [2017-02-09T16:49:59.351000 #70039]  INFO -- : GET    200 https://qc-tms.govdelivery.com/keywords/132287 (0.46 seconds)
I, [2017-02-09T16:49:59.575000 #70037]  INFO -- : GET    200 https://qc-tms.govdelivery.com/messages/email/32688544 (0.443 seconds)
.I, [2017-02-09T16:49:59.835000 #70039]  INFO -- : DELETE 200 https://qc-tms.govdelivery.com/keywords/132287 (0.482 seconds)
I, [2017-02-09T16:49:59.842000 #70039]  INFO -- : Mocking text ''sms_2way_stop subscribe'' to +15005550006
I, [2017-02-09T16:49:59.843000 #70039]  INFO -- : post https://qc-tms.govdelivery.com/twilio_requests.xml
I, [2017-02-09T16:50:00.146000 #70037]  INFO -- : GET    200 https://qc-tms.govdelivery.com/messages/email/32688544 (0.564 seconds)
..I, [2017-02-09T16:50:00.626000 #70037]  INFO -- : GET    200 https://qc-tms.govdelivery.com/messages/email/32688544 (0.473 seconds)
.I, [2017-02-09T16:50:00.806000 #70039]  INFO -- Status: 201
I, [2017-02-09T16:50:01.090000 #70037]  INFO -- : GET    200 https://qc-tms.govdelivery.com/templates/email/103605 (0.456 seconds)
I, [2017-02-09T16:50:01.550000 #70037]  INFO -- : DELETE 204 https://qc-tms.govdelivery.com/templates/email/103605 (0.459 seconds)
..I, [2017-02-09T16:50:02.302000 #70037]  INFO -- : POST   201 https://qc-tms.govdelivery.com/templates/email (0.74 seconds)
.I, [2017-02-09T16:50:02.305000 #70037]  INFO -- : Email template id: 103593
I, [2017-02-09T16:50:02.306000 #70037]  INFO -- : Email template uuid: 103593
I, [2017-02-09T16:50:02.746000 #70037]  INFO -- : DELETE 204 https://qc-tms.govdelivery.com/templates/email/103593 (0.44 seconds)
.I, [2017-02-09T16:50:03.181000 #70037]  INFO -- : GET    404 https://qc-tms.govdelivery.com/templates/email/103593 (0.43 seconds)
.I, [2017-02-09T16:50:03.801000 #70037]  INFO -- : POST   201 https://qc-tms.govdelivery.com/templates/email (0.607 seconds)
..I, [2017-02-09T16:50:04.410000 #70037]  INFO -- : PUT    422 https://qc-tms.govdelivery.com/templates/email/103606 (0.602 seconds)
...I, [2017-02-09T16:50:04.694000 #70038]  INFO -- : sleeping for 40 seconds
I, [2017-02-09T16:50:04.870000 #70037]  INFO -- : GET    200 https://qc-tms.govdelivery.com/templates/email/103606 (0.451 seconds)
.I, [2017-02-09T16:50:05.309000 #70037]  INFO -- : GET    200 https://qc-tms.govdelivery.com/templates/email/103606 (0.434 seconds)
I, [2017-02-09T16:50:05.748000 #70037]  INFO -- : DELETE 204 https://qc-tms.govdelivery.com/templates/email/103606 (0.439 seconds)
...E, [2017-02-09T16:50:06.307000 #70032] ERROR -- : Error interacting with imap.gmail.com IMAP, trying to delete messages (no retry, will clean up next time): Could not parse command
I, [2017-02-09T16:50:06.408000 #70037]  INFO -- : POST   201 https://qc-tms.govdelivery.com/templates/email (0.647 seconds)
..I, [2017-02-09T16:50:06.480000 #70032]  INFO -- : Cleaned inbox
..I, [2017-02-09T16:50:06.884000 #70037]  INFO -- : GET    200 https://qc-tms.govdelivery.com/templates/email/103607 (0.468 seconds)
..I, [2017-02-09T16:50:06.931000 #70032]  INFO -- : GET    200 https://qc-tms.govdelivery.com/ (0.436 seconds)
I, [2017-02-09T16:50:06.984000 #70036]  INFO -- : GET    200 https://qc-tms.govdelivery.com/messages/email/32668643/recipients/33866149 (0.457 seconds)
I, [2017-02-09T16:50:06.986000 #70036]  INFO -- : sleeping for 20 seconds
I, [2017-02-09T16:50:07.362000 #70037]  INFO -- : GET    200 https://qc-tms.govdelivery.com/templates/email/103607 (0.469 seconds)
I, [2017-02-09T16:50:07.574000 #70032]  INFO -- : POST   201 https://qc-tms.govdelivery.com/messages/email (0.635 seconds)
.I, [2017-02-09T16:50:07.586000 #70032]  INFO -- : sleeping for 10 seconds
I, [2017-02-09T16:50:07.863000 #70037]  INFO -- : DELETE 204 https://qc-tms.govdelivery.com/templates/email/103607 (0.498 seconds)
.I, [2017-02-09T16:50:08.098000 #70034]  INFO -- : GET    200 https://qc-tms.govdelivery.com/messages/sms/4190275/recipients/3608033 (0.471 seconds)
I, [2017-02-09T16:50:08.100000 #70034]  INFO -- : sleeping for 20 seconds
I, [2017-02-09T16:50:08.479000 #70037]  INFO -- : POST   201 https://qc-tms.govdelivery.com/templates/email (0.606 seconds)
..I, [2017-02-09T16:50:09.108000 #70037]  INFO -- : PUT    200 https://qc-tms.govdelivery.com/templates/email/103594 (0.612 seconds)
..I, [2017-02-09T16:50:09.176000 #70033]  INFO -- : GET    200 https://qc-tms.govdelivery.com/messages/voice/95537/recipients/169518 (0.725 seconds)
I, [2017-02-09T16:50:09.177000 #70033]  INFO -- : sleeping for 20 seconds
I, [2017-02-09T16:50:09.581000 #70037]  INFO -- : GET    200 https://qc-tms.govdelivery.com/templates/email/103594 (0.464 seconds)
..I, [2017-02-09T16:50:10.026000 #70037]  INFO -- : GET    200 https://qc-tms.govdelivery.com/templates/email/103594 (0.439 seconds)
I, [2017-02-09T16:50:10.455000 #70037]  INFO -- : DELETE 204 https://qc-tms.govdelivery.com/templates/email/103594 (0.427 seconds)
..I, [2017-02-09T16:50:11.125000 #70037]  INFO -- : POST   201 https://qc-tms.govdelivery.com/templates/email (0.659 seconds)
..I, [2017-02-09T16:50:11.265000 #70039]  INFO -- : GET    200 https://qc-tms.govdelivery.com/ (0.448 seconds)
I, [2017-02-09T16:50:11.749000 #70037]  INFO -- : PUT    200 https://qc-tms.govdelivery.com/templates/email/103608 (0.616 seconds)
..I, [2017-02-09T16:50:11.869000 #70039]  INFO -- : POST   201 https://qc-tms.govdelivery.com/keywords (0.602 seconds)
I, [2017-02-09T16:50:12.231000 #70037]  INFO -- : GET    200 https://qc-tms.govdelivery.com/templates/email/103608 (0.473 seconds)
..I, [2017-02-09T16:50:12.405000 #70039]  INFO -- : POST   201 https://qc-tms.govdelivery.com/keywords/132288/commands (0.534 seconds)
.I, [2017-02-09T16:50:12.409000 #70039]  INFO -- : Mocking text ''sms_2way_stop stop::1486680611::28487'' to +15005550006
I, [2017-02-09T16:50:12.410000 #70039]  INFO -- : post https://qc-tms.govdelivery.com/twilio_requests.xml
I, [2017-02-09T16:50:12.702000 #70037]  INFO -- : GET    200 https://qc-tms.govdelivery.com/templates/email/103608 (0.463 seconds)
I, [2017-02-09T16:50:13.167000 #70037]  INFO -- : DELETE 204 https://qc-tms.govdelivery.com/templates/email/103608 (0.454 seconds)
.I, [2017-02-09T16:50:13.215000 #70039]  INFO -- Status: 201
..I, [2017-02-09T16:50:13.354000 #70039]  INFO -- : sleeping for 20 seconds
I, [2017-02-09T16:50:13.808000 #70037]  INFO -- : POST   201 https://qc-tms.govdelivery.com/templates/email (0.632 seconds)
..I, [2017-02-09T16:50:13.950000 #70035]  INFO -- : GET    200 https://qc-tms.govdelivery.com/messages/sms/4189282/recipients (0.483 seconds)
I, [2017-02-09T16:50:13.951000 #70035]  INFO -- : sleeping for 20 seconds
I, [2017-02-09T16:50:14.438000 #70037]  INFO -- : PUT    200 https://qc-tms.govdelivery.com/templates/email/103595 (0.623 seconds)
....I, [2017-02-09T16:50:14.907000 #70037]  INFO -- : GET    200 https://qc-tms.govdelivery.com/templates/email/103595 (0.455 seconds)
I, [2017-02-09T16:50:15.352000 #70037]  INFO -- : DELETE 204 https://qc-tms.govdelivery.com/templates/email/103595 (0.444 seconds)
.I, [2017-02-09T16:50:16.014000 #70037]  INFO -- : POST   201 https://qc-tms.govdelivery.com/templates/email (0.652 seconds)
..I, [2017-02-09T16:50:16.691000 #70037]  INFO -- : POST   201 https://qc-tms.govdelivery.com/messages/email (0.669 seconds)
I, [2017-02-09T16:50:16.692000 #70037]  INFO -- : sleeping for 20 seconds
I, [2017-02-09T16:50:19.824000 #70032]  INFO -- : Still waiting while find message xact_email_end_to_end - 2017-02-09 16:50:06 -0600::24053, current time=10
I, [2017-02-09T16:50:19.825000 #70032]  INFO -- : sleeping for 10 seconds
I, [2017-02-09T16:50:27.599000 #70036]  INFO -- : sleeping for 20 seconds
I, [2017-02-09T16:50:28.214000 #70034]  INFO -- : sleeping for 20 seconds
I, [2017-02-09T16:50:29.294000 #70033]  INFO -- : sleeping for 20 seconds
I, [2017-02-09T16:50:31.693000 #70032]  INFO -- : Still waiting while find message xact_email_end_to_end - 2017-02-09 16:50:06 -0600::24053, current time=20
I, [2017-02-09T16:50:31.694000 #70032]  INFO -- : sleeping for 10 seconds
I, [2017-02-09T16:50:33.359000 #70039]  INFO -- : get https://qc-api.govdelivery.com/api/account/CUKEAUTO_QC/subscribers/KzE3MDE0ODQyNjg5
I, [2017-02-09T16:50:33.886000 #70039]  INFO -- Status: 404
.I, [2017-02-09T16:50:34.363000 #70039]  INFO -- : GET    200 https://qc-tms.govdelivery.com/keywords/132288 (0.463 seconds)
I, [2017-02-09T16:50:34.597000 #70035]  INFO -- : GET    200 https://qc-tms.govdelivery.com/messages/sms/4189282/recipients/3608034 (0.641 seconds)

message status: sent
.I, [2017-02-09T16:50:34.603000 #70035]  INFO -- : Deleting Callback URIs
I, [2017-02-09T16:50:35.008000 #70039]  INFO -- : DELETE 200 https://qc-tms.govdelivery.com/keywords/132288 (0.644 seconds)
I, [2017-02-09T16:50:35.029000 #70035]  INFO -- : GET    200 https://qc-tms.govdelivery.com/ (0.42 seconds)
.
Mocking inbound text ''{:id=>154262350950200974643189318771671636244, :to=>"+15553665397", :from=>"+16125554321", :body=>"mos def 1486680635"}'' to https://qc-sms.govdelivery.com
I, [2017-02-09T16:50:35.041000 #70035]  INFO -- : post https://qc-sms.govdelivery.com/incoming/loopback
I, [2017-02-09T16:50:35.466000 #70039]  INFO -- : GET    200 https://qc-tms.govdelivery.com/ (0.449 seconds)
I, [2017-02-09T16:50:36.026000 #70035]  INFO -- Status: 201
.I, [2017-02-09T16:50:36.030000 #70039]  INFO -- : POST   201 https://qc-tms.govdelivery.com/keywords (0.544 seconds)
.I, [2017-02-09T16:50:36.042000 #70039]  INFO -- : Mocking text ''sms_2way_static 1486680635::11321'' to +15552287439
I, [2017-02-09T16:50:36.042000 #70039]  INFO -- : post https://qc-tms.govdelivery.com/twilio_requests.xml
I, [2017-02-09T16:50:36.502000 #70035]  INFO -- : GET    200 https://qc-tms.govdelivery.com/keywords (0.468 seconds)
I, [2017-02-09T16:50:36.505000 #70035]  INFO -- : sleeping for 20 seconds
I, [2017-02-09T16:50:36.622000 #70039]  INFO -- Status: 201
..I, [2017-02-09T16:50:37.076000 #70039]  INFO -- : GET    200 https://qc-tms.govdelivery.com/keywords/132309 (0.444 seconds)
I, [2017-02-09T16:50:37.192000 #70037]  INFO -- : GET    200 https://qc-tms.govdelivery.com/messages/email/32688546 (0.496 seconds)
.I, [2017-02-09T16:50:37.602000 #70039]  INFO -- : DELETE 200 https://qc-tms.govdelivery.com/keywords/132309 (0.525 seconds)
I, [2017-02-09T16:50:37.683000 #70037]  INFO -- : GET    200 https://qc-tms.govdelivery.com/messages/email/32688546 (0.485 seconds)
..I, [2017-02-09T16:50:38.054000 #70039]  INFO -- : GET    200 https://qc-tms.govdelivery.com/ (0.444 seconds)
.I, [2017-02-09T16:50:38.132000 #70037]  INFO -- : GET    200 https://qc-tms.govdelivery.com/templates/email/103596 (0.442 seconds)
I, [2017-02-09T16:50:38.556000 #70037]  INFO -- : DELETE 204 https://qc-tms.govdelivery.com/templates/email/103596 (0.423 seconds)
.I, [2017-02-09T16:50:38.602000 #70039]  INFO -- : POST   201 https://qc-tms.govdelivery.com/keywords (0.54 seconds)
.I, [2017-02-09T16:50:39.189000 #70037]  INFO -- : POST   201 https://qc-tms.govdelivery.com/templates/email (0.625 seconds)
..I, [2017-02-09T16:50:39.245000 #70039]  INFO -- : POST   201 https://qc-tms.govdelivery.com/keywords/132303/commands (0.638 seconds)
.I, [2017-02-09T16:50:39.256000 #70039]  INFO -- : Mocking text ''sms_2way_cdc knowit1486680638::37396 55102'' to +15005550006
I, [2017-02-09T16:50:39.257000 #70039]  INFO -- : post https://qc-tms.govdelivery.com/twilio_requests.xml
I, [2017-02-09T16:50:39.824000 #70039]  INFO -- Status: 201
.I, [2017-02-09T16:50:39.828000 #70039]  INFO -- : sleeping for 20 seconds
I, [2017-02-09T16:50:39.833000 #70037]  INFO -- : POST   201 https://qc-tms.govdelivery.com/messages/email (0.637 seconds)
I, [2017-02-09T16:50:39.834000 #70037]  INFO -- : sleeping for 20 seconds
I, [2017-02-09T16:50:44.696000 #70038]  INFO -- : get https://api.twilio.com//2010-04-01/Accounts/ACa26eb1ef3dc06c86333e4e9833af4c6b/Calls/CA14b54537b142b1911e8f41c3a41c2bf7.json
I, [2017-02-09T16:50:45.152000 #70038]  INFO -- Status: 200
.

14 scenarios (14 passed)
30 steps (30 passed)
1m23.140s
E, [2017-02-09T16:50:46.366000 #70032] ERROR -- : Error interacting with imap.gmail.com IMAP, trying to delete messages (no retry, will clean up next time): Could not parse command
I, [2017-02-09T16:50:46.498000 #70032]  INFO -- : Cleaned inbox
..I, [2017-02-09T16:50:46.982000 #70032]  INFO -- : GET    200 https://qc-tms.govdelivery.com/ (0.463 seconds)
I, [2017-02-09T16:50:47.612000 #70032]  INFO -- : POST   201 https://qc-tms.govdelivery.com/messages/email (0.626 seconds)
.I, [2017-02-09T16:50:47.622000 #70032]  INFO -- : sleeping for 10 seconds
.I, [2017-02-09T16:50:48.419000 #70036]  INFO -- : DELETE 204 https://qc-tms.govdelivery.com/webhooks/92965 (0.437 seconds)
I, [2017-02-09T16:50:48.420000 #70036]  INFO -- : Deleting Callback URIs
I, [2017-02-09T16:50:48.421000 #70036]  INFO -- : delete http://xact-webhook-callbacks.herokuapp.com/api/v3/recipient_status/156234
I, [2017-02-09T16:50:48.573000 #70036]  INFO -- Status: 204
I, [2017-02-09T16:50:48.574000 #70036]  INFO -- : Deleting Callback URIs
I, [2017-02-09T16:50:48.578000 #70036]  INFO -- : post http://xact-webhook-callbacks.herokuapp.com/api/v3/recipient_status/
.I, [2017-02-09T16:50:48.736000 #70036]  INFO -- Status: 200
I, [2017-02-09T16:50:49.076000 #70034]  INFO -- : DELETE 204 https://qc-tms.govdelivery.com/webhooks/92952 (0.432 seconds)
I, [2017-02-09T16:50:49.076000 #70034]  INFO -- : Deleting Callback URIs
I, [2017-02-09T16:50:49.077000 #70034]  INFO -- : delete http://xact-webhook-callbacks.herokuapp.com/api/v3/recipient_status/156235
I, [2017-02-09T16:50:49.204000 #70036]  INFO -- : GET    200 https://qc-tms.govdelivery.com/ (0.465 seconds)
I, [2017-02-09T16:50:49.295000 #70034]  INFO -- Status: 204
I, [2017-02-09T16:50:49.295000 #70034]  INFO -- : Deleting Callback URIs
I, [2017-02-09T16:50:49.301000 #70034]  INFO -- : post http://xact-webhook-callbacks.herokuapp.com/api/v3/recipient_status/
I, [2017-02-09T16:50:49.482000 #70034]  INFO -- Status: 200
.I, [2017-02-09T16:50:49.728000 #70036]  INFO -- : POST   201 https://qc-tms.govdelivery.com/webhooks (0.52 seconds)
I, [2017-02-09T16:50:49.915000 #70034]  INFO -- : GET    200 https://qc-tms.govdelivery.com/ (0.431 seconds)
I, [2017-02-09T16:50:50.146000 #70033]  INFO -- : DELETE 204 https://qc-tms.govdelivery.com/webhooks/92953 (0.461 seconds)
I, [2017-02-09T16:50:50.146000 #70033]  INFO -- : Deleting Callback URIs
I, [2017-02-09T16:50:50.148000 #70033]  INFO -- : delete http://xact-webhook-callbacks.herokuapp.com/api/v3/recipient_status/156236
I, [2017-02-09T16:50:50.302000 #70036]  INFO -- : POST   201 https://qc-tms.govdelivery.com/messages/email (0.57 seconds)
I, [2017-02-09T16:50:50.306000 #70036]  INFO -- : sleeping for 20 seconds
I, [2017-02-09T16:50:50.371000 #70033]  INFO -- Status: 204
I, [2017-02-09T16:50:50.372000 #70033]  INFO -- : Deleting Callback URIs
I, [2017-02-09T16:50:50.376000 #70033]  INFO -- : post http://xact-webhook-callbacks.herokuapp.com/api/v3/recipient_status/
I, [2017-02-09T16:50:50.522000 #70033]  INFO -- Status: 200
I, [2017-02-09T16:50:50.578000 #70034]  INFO -- : POST   201 https://qc-tms.govdelivery.com/webhooks (0.659 seconds)
I, [2017-02-09T16:50:50.962000 #70033]  INFO -- : GET    200 https://qc-tms.govdelivery.com/ (0.436 seconds)
I, [2017-02-09T16:50:51.202000 #70034]  INFO -- : POST   201 https://qc-tms.govdelivery.com/messages/sms (0.62 seconds)
I, [2017-02-09T16:50:51.205000 #70034]  INFO -- : sleeping for 20 seconds
I, [2017-02-09T16:50:51.478000 #70033]  INFO -- : POST   201 https://qc-tms.govdelivery.com/webhooks (0.512 seconds)
I, [2017-02-09T16:50:52.440000 #70033]  INFO -- : POST   201 https://qc-tms.govdelivery.com/messages/voice (0.959 seconds)
I, [2017-02-09T16:50:52.445000 #70033]  INFO -- : sleeping for 20 seconds
I, [2017-02-09T16:50:57.519000 #70035]  INFO -- : GET    200 https://qc-tms.govdelivery.com/inbound/sms (1.009 seconds)
.I, [2017-02-09T16:50:57.580000 #70035]  INFO -- : post http://xact-webhook-callbacks.herokuapp.com/api/v3/sms/
I, [2017-02-09T16:50:57.733000 #70035]  INFO -- Status: 200
.I, [2017-02-09T16:50:59.181000 #70035]  INFO -- : GET    200 https://qc-tms.govdelivery.com/ (0.468 seconds)
I, [2017-02-09T16:50:59.187000 #70035]  INFO -- : +19138719228
I, [2017-02-09T16:50:59.475000 #70032]  INFO -- : Still waiting while find message xact_email_end_to_end - 2017-02-09 16:50:46 -0600::76434, current time=10
I, [2017-02-09T16:50:59.476000 #70032]  INFO -- : sleeping for 10 seconds
I, [2017-02-09T16:50:59.984000 #70035]  INFO -- : POST   201 https://qc-tms.govdelivery.com/messages/sms (0.795 seconds)
..I, [2017-02-09T16:50:59.992000 #70035]  INFO -- : sleeping for 20 seconds
I, [2017-02-09T16:51:00.298000 #70039]  INFO -- : GET    200 https://qc-tms.govdelivery.com/keywords/132303/commands/112423 (0.465 seconds)
I, [2017-02-09T16:51:00.403000 #70037]  INFO -- : GET    200 https://qc-tms.govdelivery.com/messages/email/32688547 (0.564 seconds)
.I, [2017-02-09T16:51:00.873000 #70037]  INFO -- : GET    200 https://qc-tms.govdelivery.com/messages/email/32688547 (0.464 seconds)
..I, [2017-02-09T16:51:01.124000 #70039]  INFO -- : GET    200 https://qc-tms.govdelivery.com/keywords/132303/commands/112423/actions (0.825 seconds)
.I, [2017-02-09T16:51:01.346000 #70037]  INFO -- : GET    200 https://qc-tms.govdelivery.com/templates/email/103597 (0.467 seconds)
I, [2017-02-09T16:51:01.582000 #70039]  INFO -- : GET    200 https://qc-tms.govdelivery.com/keywords/132303 (0.451 seconds)
I, [2017-02-09T16:51:01.771000 #70037]  INFO -- : DELETE 204 https://qc-tms.govdelivery.com/templates/email/103597 (0.424 seconds)
.I, [2017-02-09T16:51:02.043000 #70039]  INFO -- : DELETE 200 https://qc-tms.govdelivery.com/keywords/132303 (0.46 seconds)
I, [2017-02-09T16:51:02.389000 #70037]  INFO -- : POST   201 https://qc-tms.govdelivery.com/templates/email (0.61 seconds)
..I, [2017-02-09T16:51:02.714000 #70039]  INFO -- : POST   201 https://qc-tms.govdelivery.com/templates/sms (0.66 seconds)
.I, [2017-02-09T16:51:02.718000 #70039]  INFO -- : Sms template id: 40334
I, [2017-02-09T16:51:02.718000 #70039]  INFO -- : Sms template uuid: 40334
I, [2017-02-09T16:51:03.020000 #70037]  INFO -- : POST   201 https://qc-tms.govdelivery.com/messages/email (0.622 seconds)
I, [2017-02-09T16:51:03.022000 #70037]  INFO -- : sleeping for 20 seconds
I, [2017-02-09T16:51:03.345000 #70039]  INFO -- : DELETE 204 https://qc-tms.govdelivery.com/templates/sms/40334 (0.627 seconds)
.I, [2017-02-09T16:51:03.873000 #70039]  INFO -- : GET    404 https://qc-tms.govdelivery.com/templates/sms/40334 (0.523 seconds)
I, [2017-02-09T16:51:04.304000 #70039]  INFO -- : GET    200 https://qc-tms.govdelivery.com/ (0.424 seconds)
I, [2017-02-09T16:51:05.077000 #70039]  INFO -- : POST   201 https://qc-tms.govdelivery.com/templates/sms (0.769 seconds)
.I, [2017-02-09T16:51:05.778000 #70039]  INFO -- : PUT    422 https://qc-tms.govdelivery.com/templates/sms/new-sms-template-1486680664 (0.673 seconds)
.I, [2017-02-09T16:51:06.307000 #70039]  INFO -- : GET    200 https://qc-tms.govdelivery.com/templates/sms/new-sms-template-1486680664 (0.525 seconds)
I, [2017-02-09T16:51:06.745000 #70039]  INFO -- : DELETE 204 https://qc-tms.govdelivery.com/templates/sms/new-sms-template-1486680664 (0.437 seconds)
...I, [2017-02-09T16:51:07.337000 #70039]  INFO -- : POST   201 https://qc-tms.govdelivery.com/messages/voice (0.574 seconds)
....I, [2017-02-09T16:51:08.226000 #70039]  INFO -- : POST   201 https://qc-tms.govdelivery.com/messages/voice (0.873 seconds)
.I, [2017-02-09T16:51:09.166000 #70039]  INFO -- : GET    200 https://qc-tms.govdelivery.com/messages/voice (0.936 seconds)
....I, [2017-02-09T16:51:10.071000 #70039]  INFO -- : POST   201 https://qc-tms.govdelivery.com/messages/voice (0.808 seconds)
.I, [2017-02-09T16:51:10.075000 #70039]  INFO -- : sleeping for 30 seconds
I, [2017-02-09T16:51:10.790000 #70036]  INFO -- : GET    200 https://qc-tms.govdelivery.com/messages/email/32688549/recipients (0.48 seconds)
I, [2017-02-09T16:51:10.793000 #70036]  INFO -- : sleeping for 20 seconds
I, [2017-02-09T16:51:11.583000 #70032]  INFO -- : Still waiting while find message xact_email_end_to_end - 2017-02-09 16:50:46 -0600::76434, current time=20
I, [2017-02-09T16:51:11.584000 #70032]  INFO -- : sleeping for 10 seconds
I, [2017-02-09T16:51:11.848000 #70034]  INFO -- : GET    200 https://qc-tms.govdelivery.com/messages/sms/4190277/recipients (0.642 seconds)
I, [2017-02-09T16:51:11.850000 #70034]  INFO -- : sleeping for 20 seconds
I, [2017-02-09T16:51:12.926000 #70033]  INFO -- : GET    200 https://qc-tms.govdelivery.com/messages/voice/95539/recipients (0.476 seconds)
I, [2017-02-09T16:51:12.928000 #70033]  INFO -- : sleeping for 20 seconds
.I, [2017-02-09T16:51:20.190000 #70035]  INFO -- : Deleting Callback URIs
I, [2017-02-09T16:51:20.192000 #70035]  INFO -- : delete http://xact-webhook-callbacks.herokuapp.com/api/v3/sms/156240
I, [2017-02-09T16:51:20.373000 #70035]  INFO -- Status: 204
I, [2017-02-09T16:51:20.381000 #70035]  INFO -- : post http://xact-webhook-callbacks.herokuapp.com/api/v3/sms/
I, [2017-02-09T16:51:20.547000 #70035]  INFO -- Status: 200
.I, [2017-02-09T16:51:21.870000 #70035]  INFO -- : GET    200 https://qc-tms.govdelivery.com/ (0.447 seconds)
I, [2017-02-09T16:51:22.602000 #70035]  INFO -- : POST   201 https://qc-tms.govdelivery.com/templates/sms (0.721 seconds)
.I, [2017-02-09T16:51:23.055000 #70035]  INFO -- : GET    200 https://qc-tms.govdelivery.com/ (0.448 seconds)
I, [2017-02-09T16:51:23.058000 #70035]  INFO -- : +19138719228
I, [2017-02-09T16:51:23.505000 #70037]  INFO -- : GET    200 https://qc-tms.govdelivery.com/messages/email/32688550 (0.481 seconds)
.I, [2017-02-09T16:51:23.604000 #70035]  INFO -- : POST   422 https://qc-tms.govdelivery.com/messages/sms (0.546 seconds)
F--

(::) failed steps (::)

Couldn't POST GovDelivery::TMS::SmsMessage to /messages/sms: body can't be blank (GovDelivery::TMS::Errors::InvalidPost)
./features/step-definitions/xact_sms_endtoend.rb:46:in `/^I POST a new blank SMS message to TMS$/'
features/sms_endtoend.feature:15:in `When I POST a new blank SMS message to TMS'

Failing Scenarios:
cucumber -p parallel features/sms_endtoend.feature:12 # Scenario: End to End sms template test for all environments.

12 scenarios (1 failed, 11 passed)
48 steps (1 failed, 2 skipped, 45 passed)
2m1.283s
I, [2017-02-09T16:51:23.975000 #70037]  INFO -- : GET    200 https://qc-tms.govdelivery.com/messages/email/32688550 (0.465 seconds)
..I, [2017-02-09T16:51:24.433000 #70037]  INFO -- : GET    200 https://qc-tms.govdelivery.com/templates/email/103598 (0.453 seconds)
I, [2017-02-09T16:51:24.872000 #70037]  INFO -- : DELETE 204 https://qc-tms.govdelivery.com/templates/email/103598 (0.438 seconds)
..I, [2017-02-09T16:51:25.495000 #70037]  INFO -- : POST   201 https://qc-tms.govdelivery.com/message_types (0.604 seconds)
.I, [2017-02-09T16:51:25.973000 #70037]  INFO -- : GET    200 https://qc-tms.govdelivery.com/message_types/11194 (0.474 seconds)
....E, [2017-02-09T16:51:26.053000 #70032] ERROR -- : Error interacting with imap.gmail.com IMAP, trying to delete messages (no retry, will clean up next time): Could not parse command
I, [2017-02-09T16:51:26.225000 #70032]  INFO -- : Cleaned inbox
..I, [2017-02-09T16:51:26.594000 #70037]  INFO -- : POST   201 https://qc-tms.govdelivery.com/message_types (0.602 seconds)
.I, [2017-02-09T16:51:26.698000 #70032]  INFO -- : GET    200 https://qc-tms.govdelivery.com/ (0.456 seconds)
I, [2017-02-09T16:51:27.144000 #70037]  INFO -- : PUT    200 https://qc-tms.govdelivery.com/message_types/11195 (0.546 seconds)
....I, [2017-02-09T16:51:27.249000 #70032]  INFO -- : POST   422 https://qc-tms.govdelivery.com/messages/email (0.544 seconds)
F-.I, [2017-02-09T16:51:27.605000 #70037]  INFO -- : GET    200 https://qc-tms.govdelivery.com/ (0.442 seconds)
...I, [2017-02-09T16:51:27.710000 #70032]  INFO -- : GET    200 https://qc-tms.govdelivery.com/ (0.445 seconds)
I, [2017-02-09T16:51:28.310000 #70032]  INFO -- : POST   201 https://qc-tms.govdelivery.com/messages/email (0.595 seconds)
.I, [2017-02-09T16:51:28.319000 #70032]  INFO -- : sleeping for 10 seconds
I, [2017-02-09T16:51:28.468000 #70037]  INFO -- : POST   422 https://qc-tms.govdelivery.com/message_types (0.844 seconds)
.I, [2017-02-09T16:51:29.022000 #70037]  INFO -- : GET    200 https://qc-tms.govdelivery.com/message_types (0.548 seconds)
.I, [2017-02-09T16:51:29.615000 #70037]  INFO -- : GET    200 https://qc-tms.govdelivery.com/message_types?auth_token=2nUnEBWJ362at369KLqgdzR1gGp6meQo&page=2 (0.577 seconds)
I, [2017-02-09T16:51:30.168000 #70037]  INFO -- : GET    200 https://qc-tms.govdelivery.com/message_types?auth_token=2nUnEBWJ362at369KLqgdzR1gGp6meQo&page=3 (0.542 seconds)
..I, [2017-02-09T16:51:30.814000 #70037]  INFO -- : POST   201 https://qc-tms.govdelivery.com/message_types (0.63 seconds)
.I, [2017-02-09T16:51:31.274000 #70036]  INFO -- : GET    200 https://qc-tms.govdelivery.com/messages/email/32688549/recipients/33866162 (0.48 seconds)
I, [2017-02-09T16:51:31.276000 #70036]  INFO -- : sleeping for 20 seconds
I, [2017-02-09T16:51:31.298000 #70037]  INFO -- : DELETE 204 https://qc-tms.govdelivery.com/message_types/11243 (0.48 seconds)
.I, [2017-02-09T16:51:31.867000 #70037]  INFO -- : GET    200 https://qc-tms.govdelivery.com/message_types (0.565 seconds)
.I, [2017-02-09T16:51:32.340000 #70034]  INFO -- : GET    200 https://qc-tms.govdelivery.com/messages/sms/4190277/recipients/3608036 (0.486 seconds)
I, [2017-02-09T16:51:32.341000 #70034]  INFO -- : sleeping for 20 seconds
I, [2017-02-09T16:51:32.449000 #70037]  INFO -- : GET    200 https://qc-tms.govdelivery.com/message_types?auth_token=2nUnEBWJ362at369KLqgdzR1gGp6meQo&page=2 (0.567 seconds)
I, [2017-02-09T16:51:32.940000 #70037]  INFO -- : GET    200 https://qc-tms.govdelivery.com/message_types?auth_token=2nUnEBWJ362at369KLqgdzR1gGp6meQo&page=3 (0.483 seconds)
..I, [2017-02-09T16:51:33.511000 #70033]  INFO -- : GET    200 https://qc-tms.govdelivery.com/messages/voice/95539/recipients/169536 (0.578 seconds)
I, [2017-02-09T16:51:33.512000 #70033]  INFO -- : sleeping for 20 seconds
I, [2017-02-09T16:51:33.553000 #70037]  INFO -- : POST   201 https://qc-tms.govdelivery.com/messages/email (0.599 seconds)
.I, [2017-02-09T16:51:34.022000 #70037]  INFO -- : DELETE 422 https://qc-tms.govdelivery.com/message_types/10061 (0.462 seconds)
.I, [2017-02-09T16:51:34.630000 #70037]  INFO -- : POST   201 https://qc-tms.govdelivery.com/messages/sms (0.599 seconds)
I, [2017-02-09T16:51:35.260000 #70037]  INFO -- : GET    200 https://qc-tms.govdelivery.com/messages/sms/4189283 (0.629 seconds)
I, [2017-02-09T16:51:35.260000 #70037]  INFO -- : recipient details found
..I, [2017-02-09T16:51:36.052000 #70037]  INFO -- : POST   201 https://qc-tms.govdelivery.com/messages/sms (0.783 seconds)
..I, [2017-02-09T16:51:36.609000 #70037]  INFO -- : POST   422 https://qc-tms.govdelivery.com/messages/sms (0.543 seconds)
...I, [2017-02-09T16:51:37.247000 #70037]  INFO -- : POST   201 https://qc-tms.govdelivery.com/messages/sms (0.626 seconds)
..I, [2017-02-09T16:51:37.784000 #70037]  INFO -- : POST   201 https://qc-tms.govdelivery.com/messages/sms (0.527 seconds)
..I, [2017-02-09T16:51:38.428000 #70037]  INFO -- : POST   201 https://qc-tms.govdelivery.com/messages/sms (0.633 seconds)
..I, [2017-02-09T16:51:38.968000 #70037]  INFO -- : POST   422 https://qc-tms.govdelivery.com/messages/sms (0.528 seconds)
...I, [2017-02-09T16:51:39.510000 #70037]  INFO -- : POST   201 https://qc-tms.govdelivery.com/messages/sms (0.531 seconds)
..I, [2017-02-09T16:51:40.100000 #70037]  INFO -- : POST   201 https://qc-tms.govdelivery.com/messages/sms (0.579 seconds)
..I, [2017-02-09T16:51:40.594000 #70039]  INFO -- : GET    200 https://qc-tms.govdelivery.com/messages/voice/95541 (0.517 seconds)
..

18 scenarios (18 passed)
78 steps (78 passed)
2m18.338s
I, [2017-02-09T16:51:40.655000 #70037]  INFO -- : POST   201 https://qc-tms.govdelivery.com/messages/sms (0.544 seconds)
I, [2017-02-09T16:51:41.105000 #70037]  INFO -- : GET    200 https://qc-tms.govdelivery.com/messages/sms/4190283 (0.448 seconds)
I, [2017-02-09T16:51:41.105000 #70037]  INFO -- : message details found
..

31 scenarios (31 passed)
133 steps (133 passed)
2m19.241s
E, [2017-02-09T16:51:42.624000 #70032] ERROR -- : Error interacting with imap.gmail.com IMAP, trying to delete messages (no retry, will clean up next time): Could not parse command
I, [2017-02-09T16:51:42.797000 #70032]  INFO -- : Cleaned inbox
..I, [2017-02-09T16:51:43.296000 #70032]  INFO -- : GET    200 https://qc-tms.govdelivery.com/ (0.486 seconds)
I, [2017-02-09T16:51:43.774000 #70032]  INFO -- : GET    200 https://qc-tms.govdelivery.com/from_addresses (0.467 seconds)
I, [2017-02-09T16:51:44.211000 #70032]  INFO -- : GET    200 https://qc-tms.govdelivery.com/ (0.434 seconds)
I, [2017-02-09T16:51:44.806000 #70032]  INFO -- : POST   201 https://qc-tms.govdelivery.com/messages/email (0.591 seconds)
.I, [2017-02-09T16:51:44.813000 #70032]  INFO -- : sleeping for 10 seconds
I, [2017-02-09T16:51:51.466000 #70036]  INFO -- : sleeping for 20 seconds
I, [2017-02-09T16:51:52.454000 #70034]  INFO -- : sleeping for 20 seconds
I, [2017-02-09T16:51:53.651000 #70033]  INFO -- : sleeping for 20 seconds
I, [2017-02-09T16:51:56.876000 #70032]  INFO -- : Still waiting while find message xact_email_end_to_end - 2017-02-09 16:51:42 -0600::18155, current time=10
I, [2017-02-09T16:51:56.878000 #70032]  INFO -- : sleeping for 10 seconds
I, [2017-02-09T16:52:08.626000 #70032]  INFO -- : Still waiting while find message xact_email_end_to_end - 2017-02-09 16:51:42 -0600::18155, current time=20
I, [2017-02-09T16:52:08.627000 #70032]  INFO -- : sleeping for 10 seconds
.I, [2017-02-09T16:52:12.451000 #70036]  INFO -- : DELETE 204 https://qc-tms.govdelivery.com/webhooks/92954 (0.516 seconds)
I, [2017-02-09T16:52:12.451000 #70036]  INFO -- : Deleting Callback URIs
I, [2017-02-09T16:52:12.453000 #70036]  INFO -- : delete http://xact-webhook-callbacks.herokuapp.com/api/v3/recipient_status/156237
I, [2017-02-09T16:52:12.593000 #70036]  INFO -- Status: 204
I, [2017-02-09T16:52:12.593000 #70036]  INFO -- : Deleting Callback URIs
I, [2017-02-09T16:52:12.599000 #70036]  INFO -- : post http://xact-webhook-callbacks.herokuapp.com/api/v3/recipient_status/
I, [2017-02-09T16:52:12.780000 #70036]  INFO -- Status: 200
.I, [2017-02-09T16:52:13.234000 #70036]  INFO -- : GET    200 https://qc-tms.govdelivery.com/ (0.45 seconds)
I, [2017-02-09T16:52:13.455000 #70034]  INFO -- : DELETE 204 https://qc-tms.govdelivery.com/webhooks/92966 (0.448 seconds)
I, [2017-02-09T16:52:13.455000 #70034]  INFO -- : Deleting Callback URIs
I, [2017-02-09T16:52:13.457000 #70034]  INFO -- : delete http://xact-webhook-callbacks.herokuapp.com/api/v3/recipient_status/156238
I, [2017-02-09T16:52:13.576000 #70034]  INFO -- Status: 204
